// Jest Snapshot v1, https://goo.gl/fbAQLP

exports[`Input should match first snapshot 1`] = `
<Fragment>
  <label
    className="label"
    htmlFor="name"
  >
    label
  </label>
  <input
    className="input"
    disabled={false}
    id="name"
    name="name"
    onBlur={[Function]}
    onChange={[Function]}
    placeholder="write you name"
    type="text"
    value="1211"
  />
</Fragment>
`;
