// Jest Snapshot v1, https://goo.gl/fbAQLP

exports[`ModalWrapper should match snapshot 1`] = `
<div
  className="modal-wrapper"
>
  <div
    className="modal-wrapper__content-wrapper"
  >
    <div
      className="modal-wrapper__content"
    >
      <CloseMenuButton
        onCloseButtonClicked={[Function]}
      />
      <div
        className="modal-wrapper__errors"
      >
        <div
          className="modal-wrapper__error"
          key="1"
        >
          1
        </div>
        <div
          className="modal-wrapper__error"
          key="2"
        >
          2
        </div>
      </div>
      <div
        className="modal-wrapper__body"
      />
    </div>
  </div>
</div>
`;
