// Jest Snapshot v1, https://goo.gl/fbAQLP

exports[`Routes should match snapshot 1`] = `
<Switch>
  <Route
    path="/404"
    render={[Function]}
  />
  <Route
    component={[Function]}
    exact={true}
    path={
      Array [
        "/",
        "/search",
        "/film/:id",
      ]
    }
  />
  <Redirect
    to="/404"
  />
</Switch>
`;
