// Jest Snapshot v1, https://goo.gl/fbAQLP

exports[`DropdownOption should match snapshot 1`] = `
<div
  className="dropdown-option"
>
  <div
    className="dropdown-option__checkbox"
  >
    <div
      className="dropdown-option__checkbox-icon"
    >
      <CheckboxIcon />
    </div>
  </div>
  <div
    className="dropdown-option__content"
  />
</div>
`;
