// Jest Snapshot v1, https://goo.gl/fbAQLP

exports[`MainPageView should match snepshot 1`] = `
<Fragment>
  <header
    style={Object {}}
  >
    <Memo()
      isMovieInOverviewMode={false}
      onCreateMovie={[Function]}
      onLogoClicked={[Function]}
      onSearchIconClicked={[Function]}
    >
      <Switch>
        <Route
          component={[Function]}
          path="/film/:id"
        />
        <Route
          exact={true}
          path={
            Array [
              "/",
              "/search",
            ]
          }
        >
          <SearchPanel
            onChangeSearchingValue={[Function]}
          />
        </Route>
      </Switch>
    </Memo()>
  </header>
  <main
    style={Object {}}
  >
    <Component
      movieBoardRef={Object {}}
      movies={
        Array [
          Object {
            "id": 2,
          },
        ]
      }
      onDeleteMovie={[Function]}
      onEditMovie={[Function]}
    />
  </main>
</Fragment>
`;
